Hello from OSWatch test!
Testing file I/O operations.
